
> global-barternet@0.1.0 build
> rm -rf .next && prisma generate && next build

node.exe : 'rm' is not 
recognized as an internal 
or external command,
At line:1 char:1
+ & "C:\Program 
Files\nodejs/node.exe" 
"C:\Program 
Files\nodejs/node_mo ...
+ ~~~~~~~~~~~~~~~~~~~~~~~~
~~~~~~~~~~~~~~~~~~~~~~~~~~
~~~~~~~~~~~~~~~~~~~
    + CategoryInfo        
      : NotSpecified: ('  
  rm' is not rec...tern   
 al command,:String) [    
], RemoteException
    + FullyQualifiedError 
   Id : NativeCommandErr  
  or
 
operable program or batch 
file.
